---
source: src/scripting/parser.rs
expression: ast
---
[
    Render {
        component: ByteOffsetSnapshot {
            end: 16,
            start: 11,
            content: "other",
        },
        offset: ByteOffsetSnapshot {
            end: 24,
            start: 0,
            content: "{{ render \"other\" end }}",
        },
        content: "{{ render \"other\" end }}",
        body: [],
    },
    Html {
        offset: ByteOffsetSnapshot {
            end: 25,
            start: 24,
            content: "\n",
        },
        content: "\n",
    },
    Render {
        component: ByteOffsetSnapshot {
            end: 40,
            start: 36,
            content: "name",
        },
        offset: ByteOffsetSnapshot {
            end: 77,
            start: 25,
            content: "{{ render \"name\" }}\n<span>html here</span>\n{{ end }}",
        },
        content: "{{ render \"name\" }}\n<span>html here</span>\n{{ end }}",
        body: [
            Html {
                offset: ByteOffsetSnapshot {
                    end: 68,
                    start: 44,
                    content: "\n<span>html here</span>\n",
                },
                content: "\n<span>html here</span>\n",
            },
        ],
    },
]
