---
source: src/scripting/parser.rs
expression: ast
---
[
    Render {
        component: StringLiteral {
            offset: ByteOffsetSnapshot {
                end: 16,
                start: 11,
                content: "other",
            },
            content: "other",
        },
        offset: ByteOffsetSnapshot {
            end: 24,
            start: 0,
            content: "{{ render \"other\" end }}",
        },
        content: "{{ render \"other\" end }}",
        body: [],
    },
    Render {
        component: MemberAccess {
            offset: ByteOffsetSnapshot {
                end: 41,
                start: 34,
                content: "one.two",
            },
            content: "one.two",
            property: ByteOffsetSnapshot {
                end: 41,
                start: 38,
                content: "two",
            },
            object: Identifier {
                offset: ByteOffsetSnapshot {
                    end: 37,
                    start: 34,
                    content: "one",
                },
                content: "one",
            },
        },
        offset: ByteOffsetSnapshot {
            end: 48,
            start: 24,
            content: "{{ render one.two end }}",
        },
        content: "{{ render one.two end }}",
        body: [],
    },
    Render {
        component: StringLiteral {
            offset: ByteOffsetSnapshot {
                end: 63,
                start: 59,
                content: "name",
            },
            content: "name",
        },
        offset: ByteOffsetSnapshot {
            end: 98,
            start: 48,
            content: "{{ render \"name\" }}<span>html here</span>{{ end }}",
        },
        content: "{{ render \"name\" }}<span>html here</span>{{ end }}",
        body: [
            Html {
                offset: ByteOffsetSnapshot {
                    end: 89,
                    start: 67,
                    content: "<span>html here</span>",
                },
                content: "<span>html here</span>",
            },
        ],
    },
]
