---
source: src/scripting/parser.rs
expression: ast
---
[
    Variable {
        ident: ByteOffsetSnapshot {
            end: 11,
            start: 3,
            content: "var_name",
        },
        value: BinaryOp {
            left: BinaryOp {
                left: IntLiteral {
                    offset: ByteOffsetSnapshot {
                        end: 19,
                        start: 16,
                        content: "100",
                    },
                    content: "100",
                },
                right: IntLiteral {
                    offset: ByteOffsetSnapshot {
                        end: 25,
                        start: 22,
                        content: "300",
                    },
                    content: "300",
                },
                offset: ByteOffsetSnapshot {
                    end: 25,
                    start: 16,
                    content: "100 + 300",
                },
                content: "100 + 300",
                operator: Plus,
            },
            right: IntLiteral {
                offset: ByteOffsetSnapshot {
                    end: 32,
                    start: 29,
                    content: "200",
                },
                content: "200",
            },
            offset: ByteOffsetSnapshot {
                end: 32,
                start: 16,
                content: "100 + 300) * 200",
            },
            content: "100 + 300) * 200",
            operator: Mul,
        },
        content: "var_name := (100 + 300) * 200",
    },
]
